Using pre-set license
Built from '2022.3/staging' branch; Version is '2022.3.62f1 (4af31df58517) revision 4911901'; Using compiler version '192829333'; Build Type 'Release'
OS: 'Windows 11  (10.0.26200) 64bit Professional' Language: 'pt' Physical Memory: 65276 MB
BatchMode: 1, IsHumanControllingUs: 0, StartBugReporterOnCrash: 0, Is64bit: 1, IsPro: 1

COMMAND LINE ARGUMENTS:
C:\Program Files\Unity\Hub\Editor\2022.3.62f1\Editor\Unity.exe
-adb2
-batchMode
-noUpm
-name
AssetImportWorker2
-projectPath
C:/Users/Jailson S/Documents/Dilis/Panco
-logFile
Logs/AssetImportWorker2.log
-srvPort
53908
Successfully changed project path to: C:/Users/Jailson S/Documents/Dilis/Panco
C:/Users/Jailson S/Documents/Dilis/Panco
[UnityMemory] Configuration Parameters - Can be set up in boot.config
    "memorysetup-bucket-allocator-granularity=16"
    "memorysetup-bucket-allocator-bucket-count=8"
    "memorysetup-bucket-allocator-block-size=33554432"
    "memorysetup-bucket-allocator-block-count=8"
    "memorysetup-main-allocator-block-size=16777216"
    "memorysetup-thread-allocator-block-size=16777216"
    "memorysetup-gfx-main-allocator-block-size=16777216"
    "memorysetup-gfx-thread-allocator-block-size=16777216"
    "memorysetup-cache-allocator-block-size=4194304"
    "memorysetup-typetree-allocator-block-size=2097152"
    "memorysetup-profiler-bucket-allocator-granularity=16"
    "memorysetup-profiler-bucket-allocator-bucket-count=8"
    "memorysetup-profiler-bucket-allocator-block-size=33554432"
    "memorysetup-profiler-bucket-allocator-block-count=8"
    "memorysetup-profiler-allocator-block-size=16777216"
    "memorysetup-profiler-editor-allocator-block-size=1048576"
    "memorysetup-temp-allocator-size-main=16777216"
    "memorysetup-job-temp-allocator-block-size=2097152"
    "memorysetup-job-temp-allocator-block-size-background=1048576"
    "memorysetup-job-temp-allocator-reduction-small-platforms=262144"
    "memorysetup-allocator-temp-initial-block-size-main=262144"
    "memorysetup-allocator-temp-initial-block-size-worker=262144"
    "memorysetup-temp-allocator-size-background-worker=32768"
    "memorysetup-temp-allocator-size-job-worker=262144"
    "memorysetup-temp-allocator-size-preload-manager=33554432"
    "memorysetup-temp-allocator-size-nav-mesh-worker=65536"
    "memorysetup-temp-allocator-size-audio-worker=65536"
    "memorysetup-temp-allocator-size-cloud-worker=32768"
    "memorysetup-temp-allocator-size-gi-baking-worker=262144"
    "memorysetup-temp-allocator-size-gfx=262144"
Player connection [24108]  Target information:

Player connection [24108]  * "[IP] 172.31.176.1 [Port] 0 [Flags] 2 [Guid] 3559892998 [EditorId] 3559892998 [Version] 1048832 [Id] WindowsEditor(7,Jailson) [Debug] 1 [PackageName] WindowsEditor [ProjectName] Editor" 

Player connection [24108]  * "[IP] 192.168.0.5 [Port] 0 [Flags] 2 [Guid] 3559892998 [EditorId] 3559892998 [Version] 1048832 [Id] WindowsEditor(7,Jailson) [Debug] 1 [PackageName] WindowsEditor [ProjectName] Editor" 

Player connection [24108] Host joined multi-casting on [225.0.0.222:54997]...
Player connection [24108] Host joined alternative multi-casting on [225.0.0.222:34997]...
Input System module state changed to: Initialized.
[PhysX] Initialized MultithreadedTaskDispatcher with 16 workers.
Refreshing native plugins compatible for Editor in 6.69 ms, found 3 plugins.
Preloading 0 native plugins for Editor in 0.00 ms.
Initialize engine version: 2022.3.62f1 (4af31df58517)
[Subsystems] Discovering subsystems at path C:/Program Files/Unity/Hub/Editor/2022.3.62f1/Editor/Data/Resources/UnitySubsystems
[Subsystems] Discovering subsystems at path C:/Users/Jailson S/Documents/Dilis/Panco/Assets
GfxDevice: creating device client; threaded=0; jobified=0
Direct3D:
    Version:  Direct3D 11.0 [level 11.1]
    Renderer: NVIDIA GeForce RTX 4050 Laptop GPU (ID=0x28a1)
    Vendor:   NVIDIA
    VRAM:     5921 MB
    Driver:   32.0.15.8157
Initialize mono
Mono path[0] = 'C:/Program Files/Unity/Hub/Editor/2022.3.62f1/Editor/Data/Managed'
Mono path[1] = 'C:/Program Files/Unity/Hub/Editor/2022.3.62f1/Editor/Data/MonoBleedingEdge/lib/mono/unityjit-win32'
Mono config path = 'C:/Program Files/Unity/Hub/Editor/2022.3.62f1/Editor/Data/MonoBleedingEdge/etc'
Using monoOptions --debugger-agent=transport=dt_socket,embedding=1,server=y,suspend=n,address=127.0.0.1:56128
Begin MonoManager ReloadAssembly
Registering precompiled unity dll's ...
Register platform support module: C:/Program Files/Unity/Hub/Editor/2022.3.62f1/Editor/Data/PlaybackEngines/WebGLSupport/UnityEditor.WebGL.Extensions.dll
Register platform support module: C:/Program Files/Unity/Hub/Editor/2022.3.62f1/Editor/Data/PlaybackEngines/AndroidPlayer/UnityEditor.Android.Extensions.dll
Register platform support module: C:/Program Files/Unity/Hub/Editor/2022.3.62f1/Editor/Data/PlaybackEngines/WindowsStandaloneSupport/UnityEditor.WindowsStandalone.Extensions.dll
Registered in 0.006696 seconds.
- Loaded All Assemblies, in  0.298 seconds
Native extension for WindowsStandalone target not found
Native extension for Android target not found
Android Extension - Scanning For ADB Devices 190 ms
Native extension for WebGL target not found
Mono: successfully reloaded assembly
- Finished resetting the current domain, in  0.434 seconds
Domain Reload Profiling: 731ms
	BeginReloadAssembly (80ms)
		ExecutionOrderSort (0ms)
		DisableScriptedObjects (0ms)
		BackupInstance (0ms)
		ReleaseScriptingObjects (0ms)
		CreateAndSetChildDomain (1ms)
	RebuildCommonClasses (33ms)
	RebuildNativeTypeToScriptingClass (10ms)
	initialDomainReloadingComplete (50ms)
	LoadAllAssembliesAndSetupDomain (124ms)
		LoadAssemblies (79ms)
		RebuildTransferFunctionScriptingTraits (0ms)
		AnalyzeDomain (122ms)
			TypeCache.Refresh (121ms)
				TypeCache.ScanAssembly (109ms)
			ScanForSourceGeneratedMonoScriptInfo (0ms)
			ResolveRequiredComponents (0ms)
	FinalizeReload (434ms)
		ReleaseScriptCaches (0ms)
		RebuildScriptCaches (0ms)
		SetupLoadedEditorAssemblies (397ms)
			LogAssemblyErrors (0ms)
			InitializePlatformSupportModulesInManaged (261ms)
			SetLoadedEditorAssemblies (4ms)
			RefreshPlugins (0ms)
			BeforeProcessingInitializeOnLoad (2ms)
			ProcessInitializeOnLoadAttributes (96ms)
			ProcessInitializeOnLoadMethodAttributes (35ms)
			AfterProcessingInitializeOnLoad (0ms)
			EditorAssembliesLoaded (0ms)
		ExecutionOrderSort2 (0ms)
		AwakeInstancesAfterBackupRestoration (0ms)
========================================================================
Worker process is ready to serve import requests
Caller must complete domain reload
Begin MonoManager ReloadAssembly
- Loaded All Assemblies, in  0.588 seconds
Native extension for WindowsStandalone target not found
Native extension for Android target not found
Native extension for WebGL target not found
Mono: successfully reloaded assembly
- Finished resetting the current domain, in  0.604 seconds
Domain Reload Profiling: 1190ms
	BeginReloadAssembly (115ms)
		ExecutionOrderSort (0ms)
		DisableScriptedObjects (4ms)
		BackupInstance (0ms)
		ReleaseScriptingObjects (0ms)
		CreateAndSetChildDomain (19ms)
	RebuildCommonClasses (27ms)
	RebuildNativeTypeToScriptingClass (7ms)
	initialDomainReloadingComplete (35ms)
	LoadAllAssembliesAndSetupDomain (401ms)
		LoadAssemblies (260ms)
		RebuildTransferFunctionScriptingTraits (0ms)
		AnalyzeDomain (206ms)
			TypeCache.Refresh (177ms)
				TypeCache.ScanAssembly (163ms)
			ScanForSourceGeneratedMonoScriptInfo (18ms)
			ResolveRequiredComponents (9ms)
	FinalizeReload (604ms)
		ReleaseScriptCaches (0ms)
		RebuildScriptCaches (0ms)
		SetupLoadedEditorAssemblies (463ms)
			LogAssemblyErrors (0ms)
			InitializePlatformSupportModulesInManaged (22ms)
			SetLoadedEditorAssemblies (5ms)
			RefreshPlugins (0ms)
			BeforeProcessingInitializeOnLoad (76ms)
			ProcessInitializeOnLoadAttributes (286ms)
			ProcessInitializeOnLoadMethodAttributes (68ms)
			AfterProcessingInitializeOnLoad (7ms)
			EditorAssembliesLoaded (0ms)
		ExecutionOrderSort2 (0ms)
		AwakeInstancesAfterBackupRestoration (6ms)
Launched and connected shader compiler UnityShaderCompiler.exe after 0.03 seconds
Refreshing native plugins compatible for Editor in 2.92 ms, found 3 plugins.
Preloading 0 native plugins for Editor in 0.00 ms.
Unloading 5206 Unused Serialized files (Serialized files now loaded: 0)
Unloading 25 unused Assets / (62.5 KB). Loaded Objects now: 5675.
Memory consumption went from 206.7 MB to 206.7 MB.
Total: 2.813600 ms (FindLiveObjects: 0.272400 ms CreateObjectMapping: 0.160100 ms MarkObjects: 2.250800 ms  DeleteObjects: 0.129700 ms)

AssetImportParameters requested are different than current active one (requested -> active):
  custom:container-demuxer-ogg: 62fdf1f143b41e24485cea50d1cbac27 -> 
  custom:video-codec-MediaFoundation-h265: 746d11721c4dcdbdad8f713fa42b33f4 -> 
  custom:video-decoder-ogg-theora: a1e56fd34408186e4bbccfd4996cb3dc -> 
  custom:framework-win-MediaFoundation: 216162199b28c13a410421893ffa2e32 -> 
  custom:CustomObjectIndexerAttribute: 72b91833f83ae208fae7752999fa3104 -> 
  custom:container-demuxer-webm: 4f35f7cbe854078d1ac9338744f61a02 -> 
  custom:container-muxer-webm: aa71ff27fc2769a1b78a27578f13a17b -> 
  custom:video-decoder-webm-vp8: 9c59270c3fd7afecdb556c50c9e8de78 -> 
  custom:SearchIndexIgnoredProperties: e643bd26f0fe6173181afceb89e7c659 -> 
  custom:AudioImporter_EditorPlatform: d09bf68614088b80899f8185d706f6e7 -> 
  custom:video-encoder-webm-vp8: eb34c28f22e8b96e1ab97ce403110664 -> 
  custom:audio-decoder-ogg-vorbis: bf7c407c2cedff20999df2af8eb42d56 -> 
  custom:audio-encoder-webm-vorbis: bf7c407c2cedff20999df2af8eb42d56 -> 
========================================================================
Received Import Request.
  Time since last request: 5466.171630 seconds.
  path: Assets/Art/Materials/EscadaObstaculo.mat
  artifactKey: Guid(cd587b4004d192d4fbf7925ce9e0cc22) Importer(815301076,1909f56bfc062723c751e8b465ee728b)
Start importing Assets/Art/Materials/EscadaObstaculo.mat using Guid(cd587b4004d192d4fbf7925ce9e0cc22) Importer(815301076,1909f56bfc062723c751e8b465ee728b) [PhysX] Initialized MultithreadedTaskDispatcher with 16 workers.
[PhysX] Initialized MultithreadedTaskDispatcher with 16 workers.
 -> (artifact id: '47ce7d24419c231c3010afbdd4bcf969') in 0.245389 seconds
Number of updated asset objects reloaded before import = 0
Number of asset objects unloaded after import = 22
========================================================================
Received Import Request.
  Time since last request: 0.044782 seconds.
  path: Assets/Art/Materials/Produto_3.mat
  artifactKey: Guid(b9005e4a2b42c2e43bf30cc59df09206) Importer(815301076,1909f56bfc062723c751e8b465ee728b)
Start importing Assets/Art/Materials/Produto_3.mat using Guid(b9005e4a2b42c2e43bf30cc59df09206) Importer(815301076,1909f56bfc062723c751e8b465ee728b) [PhysX] Initialized MultithreadedTaskDispatcher with 16 workers.
[PhysX] Initialized MultithreadedTaskDispatcher with 16 workers.
 -> (artifact id: '63c540dd254c7ea141372640287d60a6') in 0.008355 seconds
Number of updated asset objects reloaded before import = 0
Number of asset objects unloaded after import = 3
========================================================================
Received Import Request.
  Time since last request: 0.029097 seconds.
  path: Assets/Art/Materials/SkyBox.mat
  artifactKey: Guid(58b9f8b8e101f9046a52c4f2ef01de44) Importer(815301076,1909f56bfc062723c751e8b465ee728b)
Start importing Assets/Art/Materials/SkyBox.mat using Guid(58b9f8b8e101f9046a52c4f2ef01de44) Importer(815301076,1909f56bfc062723c751e8b465ee728b) [PhysX] Initialized MultithreadedTaskDispatcher with 16 workers.
[PhysX] Initialized MultithreadedTaskDispatcher with 16 workers.
 -> (artifact id: '7d8395d4aea337dae45697bf22bbeda2') in 0.027757 seconds
Number of updated asset objects reloaded before import = 0
Number of asset objects unloaded after import = 3
========================================================================
Received Import Request.
  Time since last request: 0.423386 seconds.
  path: Assets/Art/Models/EscadaObstaculo.fbx
  artifactKey: Guid(ca9220b479646214b9fef778ee904cfa) Importer(815301076,1909f56bfc062723c751e8b465ee728b)
Start importing Assets/Art/Models/EscadaObstaculo.fbx using Guid(ca9220b479646214b9fef778ee904cfa) Importer(815301076,1909f56bfc062723c751e8b465ee728b) [PhysX] Initialized MultithreadedTaskDispatcher with 16 workers.
[PhysX] Initialized MultithreadedTaskDispatcher with 16 workers.
[PhysX] Initialized MultithreadedTaskDispatcher with 16 workers.
[PhysX] Initialized MultithreadedTaskDispatcher with 16 workers.
[PhysX] Initialized MultithreadedTaskDispatcher with 16 workers.
 -> (artifact id: '62436b4e46596ae9277559e5a96d3855') in 0.049558 seconds
Number of updated asset objects reloaded before import = 0
Number of asset objects unloaded after import = 10
========================================================================
Received Import Request.
  Time since last request: 0.661911 seconds.
  path: Assets/Art/Models/Character/Jump.fbx
  artifactKey: Guid(f09ef352258fec24096f77a75a7c1a88) Importer(815301076,1909f56bfc062723c751e8b465ee728b)
Start importing Assets/Art/Models/Character/Jump.fbx using Guid(f09ef352258fec24096f77a75a7c1a88) Importer(815301076,1909f56bfc062723c751e8b465ee728b) [PhysX] Initialized MultithreadedTaskDispatcher with 16 workers.
[PhysX] Initialized MultithreadedTaskDispatcher with 16 workers.
[PhysX] Initialized MultithreadedTaskDispatcher with 16 workers.
[PhysX] Initialized MultithreadedTaskDispatcher with 16 workers.
[PhysX] Initialized MultithreadedTaskDispatcher with 16 workers.
 -> (artifact id: 'cea0341b166f355f4caad984da6ca439') in 0.031085 seconds
Number of updated asset objects reloaded before import = 0
Number of asset objects unloaded after import = 109
========================================================================
Received Import Request.
  Time since last request: 0.000025 seconds.
  path: Assets/Art/Models/Character/Running.fbx
  artifactKey: Guid(fefb72332e562fc4f84f96450fd52b37) Importer(815301076,1909f56bfc062723c751e8b465ee728b)
Start importing Assets/Art/Models/Character/Running.fbx using Guid(fefb72332e562fc4f84f96450fd52b37) Importer(815301076,1909f56bfc062723c751e8b465ee728b) [PhysX] Initialized MultithreadedTaskDispatcher with 16 workers.
[PhysX] Initialized MultithreadedTaskDispatcher with 16 workers.
[PhysX] Initialized MultithreadedTaskDispatcher with 16 workers.
[PhysX] Initialized MultithreadedTaskDispatcher with 16 workers.
[PhysX] Initialized MultithreadedTaskDispatcher with 16 workers.
 -> (artifact id: 'adbc5f7a3c022b7086e5193adf7bc65c') in 0.029087 seconds
Number of updated asset objects reloaded before import = 0
Number of asset objects unloaded after import = 109
========================================================================
Received Import Request.
  Time since last request: 0.834649 seconds.
  path: Assets/Art/Models/Character/NPC/Goalkeeper Idle.fbx
  artifactKey: Guid(b0aaa0591d951b0449fa5bd80edd07c6) Importer(815301076,1909f56bfc062723c751e8b465ee728b)
Start importing Assets/Art/Models/Character/NPC/Goalkeeper Idle.fbx using Guid(b0aaa0591d951b0449fa5bd80edd07c6) Importer(815301076,1909f56bfc062723c751e8b465ee728b) [PhysX] Initialized MultithreadedTaskDispatcher with 16 workers.
[PhysX] Initialized MultithreadedTaskDispatcher with 16 workers.
[PhysX] Initialized MultithreadedTaskDispatcher with 16 workers.
[PhysX] Initialized MultithreadedTaskDispatcher with 16 workers.
[PhysX] Initialized MultithreadedTaskDispatcher with 16 workers.
 -> (artifact id: '5154a599b37359c1d579eca2ca912de1') in 0.027414 seconds
Number of updated asset objects reloaded before import = 0
Number of asset objects unloaded after import = 77
========================================================================
Received Import Request.
  Time since last request: 0.499442 seconds.
  path: Assets/Art/Models/Character/NPC/Materials/texture_diffuse.mat
  artifactKey: Guid(a736da1ff2fb4cc4e9e7b4043a6c2807) Importer(815301076,1909f56bfc062723c751e8b465ee728b)
Start importing Assets/Art/Models/Character/NPC/Materials/texture_diffuse.mat using Guid(a736da1ff2fb4cc4e9e7b4043a6c2807) Importer(815301076,1909f56bfc062723c751e8b465ee728b) [PhysX] Initialized MultithreadedTaskDispatcher with 16 workers.
[PhysX] Initialized MultithreadedTaskDispatcher with 16 workers.
 -> (artifact id: '9ef596047b1834189caa891c09835b57') in 0.009917 seconds
Number of updated asset objects reloaded before import = 0
Number of asset objects unloaded after import = 3
========================================================================
Received Import Request.
  Time since last request: 0.499822 seconds.
  path: Assets/Art/PRF/Bloco_1.prefab
  artifactKey: Guid(8b72cb642e7fbe04885a2be072f39cda) Importer(815301076,1909f56bfc062723c751e8b465ee728b)
Start importing Assets/Art/PRF/Bloco_1.prefab using Guid(8b72cb642e7fbe04885a2be072f39cda) Importer(815301076,1909f56bfc062723c751e8b465ee728b) [PhysX] Initialized MultithreadedTaskDispatcher with 16 workers.
[PhysX] Initialized MultithreadedTaskDispatcher with 16 workers.
 -> (artifact id: '05da7ee0d372a03742c22b1249b2f1aa') in 0.049982 seconds
Number of updated asset objects reloaded before import = 0
Number of asset objects unloaded after import = 318
========================================================================
Received Import Request.
  Time since last request: 0.708905 seconds.
  path: Assets/Art/PRF/BaseBlocos/Bloco_1.prefab
  artifactKey: Guid(e1c360f3e3b3ecd429e2cc5322356f27) Importer(815301076,1909f56bfc062723c751e8b465ee728b)
Start importing Assets/Art/PRF/BaseBlocos/Bloco_1.prefab using Guid(e1c360f3e3b3ecd429e2cc5322356f27) Importer(815301076,1909f56bfc062723c751e8b465ee728b) [PhysX] Initialized MultithreadedTaskDispatcher with 16 workers.
[PhysX] Initialized MultithreadedTaskDispatcher with 16 workers.
 -> (artifact id: '99dc95ceaa649ec09fd0f1691401c12a') in 0.090224 seconds
Number of updated asset objects reloaded before import = 0
Number of asset objects unloaded after import = 1105
========================================================================
Received Import Request.
  Time since last request: 1.053292 seconds.
  path: Assets/Art/PRF/Bloco_4 (1).prefab
  artifactKey: Guid(1b3f2ae6ef8857c42b6c2571d3c0702d) Importer(815301076,1909f56bfc062723c751e8b465ee728b)
Start importing Assets/Art/PRF/Bloco_4 (1).prefab using Guid(1b3f2ae6ef8857c42b6c2571d3c0702d) Importer(815301076,1909f56bfc062723c751e8b465ee728b) [PhysX] Initialized MultithreadedTaskDispatcher with 16 workers.
[PhysX] Initialized MultithreadedTaskDispatcher with 16 workers.
 -> (artifact id: 'e5bf812963ec00c13f08261144a321bd') in 0.040294 seconds
Number of updated asset objects reloaded before import = 0
Number of asset objects unloaded after import = 611
========================================================================
Received Import Request.
  Time since last request: 0.032541 seconds.
  path: Assets/Art/PRF/Bloco_4 (2).prefab
  artifactKey: Guid(5cf3ab4b620698045b640dd2540b0108) Importer(815301076,1909f56bfc062723c751e8b465ee728b)
Start importing Assets/Art/PRF/Bloco_4 (2).prefab using Guid(5cf3ab4b620698045b640dd2540b0108) Importer(815301076,1909f56bfc062723c751e8b465ee728b) [PhysX] Initialized MultithreadedTaskDispatcher with 16 workers.
[PhysX] Initialized MultithreadedTaskDispatcher with 16 workers.
 -> (artifact id: '9dbb7c6be1770e7b3e45a8631f6aef93') in 0.038243 seconds
Number of updated asset objects reloaded before import = 0
Number of asset objects unloaded after import = 630
========================================================================
Received Import Request.
  Time since last request: 0.058161 seconds.
  path: Assets/Art/PRF/Blocos_PRF.prefab
  artifactKey: Guid(869698cf56620dc4ea48379b66ccc244) Importer(815301076,1909f56bfc062723c751e8b465ee728b)
Start importing Assets/Art/PRF/Blocos_PRF.prefab using Guid(869698cf56620dc4ea48379b66ccc244) Importer(815301076,1909f56bfc062723c751e8b465ee728b) [PhysX] Initialized MultithreadedTaskDispatcher with 16 workers.
[PhysX] Initialized MultithreadedTaskDispatcher with 16 workers.
 -> (artifact id: '08bfac705b3d5366fe9abc8dbeb94925') in 0.008190 seconds
Number of updated asset objects reloaded before import = 0
Number of asset objects unloaded after import = 49
========================================================================
Received Import Request.
  Time since last request: 0.341367 seconds.
  path: Assets/Art/PRF/Collectable_01_PRF.prefab
  artifactKey: Guid(35fbe9fd25ea15449a9d2fc78c864776) Importer(815301076,1909f56bfc062723c751e8b465ee728b)
Start importing Assets/Art/PRF/Collectable_01_PRF.prefab using Guid(35fbe9fd25ea15449a9d2fc78c864776) Importer(815301076,1909f56bfc062723c751e8b465ee728b) [PhysX] Initialized MultithreadedTaskDispatcher with 16 workers.
[PhysX] Initialized MultithreadedTaskDispatcher with 16 workers.
 -> (artifact id: '998cb228ba398cf9cdd37ae74f714399') in 0.014195 seconds
Number of updated asset objects reloaded before import = 0
Number of asset objects unloaded after import = 60
========================================================================
Received Import Request.
  Time since last request: 0.013476 seconds.
  path: Assets/Art/PRF/Collectable_03_PRF.prefab
  artifactKey: Guid(1922cc7a72f800c439082fd2135bbb54) Importer(815301076,1909f56bfc062723c751e8b465ee728b)
Start importing Assets/Art/PRF/Collectable_03_PRF.prefab using Guid(1922cc7a72f800c439082fd2135bbb54) Importer(815301076,1909f56bfc062723c751e8b465ee728b) [PhysX] Initialized MultithreadedTaskDispatcher with 16 workers.
[PhysX] Initialized MultithreadedTaskDispatcher with 16 workers.
 -> (artifact id: '03a59f02ed9e1e01a675c757ab7fdff0') in 0.015253 seconds
Number of updated asset objects reloaded before import = 0
Number of asset objects unloaded after import = 86
========================================================================
Received Import Request.
  Time since last request: 0.788015 seconds.
  path: Assets/Art/PRF/Obstacles/AbaixarObstaculo_PRF.prefab
  artifactKey: Guid(1ac5ce3616354c54891a14ae5bee661a) Importer(815301076,1909f56bfc062723c751e8b465ee728b)
Start importing Assets/Art/PRF/Obstacles/AbaixarObstaculo_PRF.prefab using Guid(1ac5ce3616354c54891a14ae5bee661a) Importer(815301076,1909f56bfc062723c751e8b465ee728b) [PhysX] Initialized MultithreadedTaskDispatcher with 16 workers.
[PhysX] Initialized MultithreadedTaskDispatcher with 16 workers.
 -> (artifact id: '64288e6772d7c327381666cb94b58171') in 0.012675 seconds
Number of updated asset objects reloaded before import = 0
Number of asset objects unloaded after import = 18
========================================================================
Received Import Request.
  Time since last request: 0.634151 seconds.
  path: Assets/Art/Textures/AbaixarObstaculo.png
  artifactKey: Guid(bcadcb75ea1e9864ea0c1c9c6c9e6db4) Importer(815301076,1909f56bfc062723c751e8b465ee728b)
Start importing Assets/Art/Textures/AbaixarObstaculo.png using Guid(bcadcb75ea1e9864ea0c1c9c6c9e6db4) Importer(815301076,1909f56bfc062723c751e8b465ee728b) [PhysX] Initialized MultithreadedTaskDispatcher with 16 workers.
[PhysX] Initialized MultithreadedTaskDispatcher with 16 workers.
 -> (artifact id: '5165e5ef3ef4039e6e528646630141a6') in 0.019824 seconds
Number of updated asset objects reloaded before import = 0
Number of asset objects unloaded after import = 2
========================================================================
Received Import Request.
  Time since last request: 0.530733 seconds.
  path: Assets/Art/Textures/Produto_3.png
  artifactKey: Guid(dc06b0aad4b46a94aa7bb7c9671e9f44) Importer(815301076,1909f56bfc062723c751e8b465ee728b)
Start importing Assets/Art/Textures/Produto_3.png using Guid(dc06b0aad4b46a94aa7bb7c9671e9f44) Importer(815301076,1909f56bfc062723c751e8b465ee728b) [PhysX] Initialized MultithreadedTaskDispatcher with 16 workers.
[PhysX] Initialized MultithreadedTaskDispatcher with 16 workers.
 -> (artifact id: 'ff037cac54380311e4ac37b072db42ef') in 0.006810 seconds
Number of updated asset objects reloaded before import = 0
Number of asset objects unloaded after import = 2
========================================================================
Received Import Request.
  Time since last request: 0.035696 seconds.
  path: Assets/Art/Textures/Sky.png
  artifactKey: Guid(701a518febea98048a9aee31bfe2e813) Importer(815301076,1909f56bfc062723c751e8b465ee728b)
Start importing Assets/Art/Textures/Sky.png using Guid(701a518febea98048a9aee31bfe2e813) Importer(815301076,1909f56bfc062723c751e8b465ee728b) [PhysX] Initialized MultithreadedTaskDispatcher with 16 workers.
[PhysX] Initialized MultithreadedTaskDispatcher with 16 workers.
 -> (artifact id: '903923100c96000adad8aec523b2ac8b') in 0.194138 seconds
Number of updated asset objects reloaded before import = 0
Number of asset objects unloaded after import = 3
========================================================================
Received Import Request.
  Time since last request: 1.762874 seconds.
  path: Assets/Art/UI/Group 50.png
  artifactKey: Guid(2532219e71509b34daaaab2a639a1202) Importer(815301076,1909f56bfc062723c751e8b465ee728b)
Start importing Assets/Art/UI/Group 50.png using Guid(2532219e71509b34daaaab2a639a1202) Importer(815301076,1909f56bfc062723c751e8b465ee728b) [PhysX] Initialized MultithreadedTaskDispatcher with 16 workers.
[PhysX] Initialized MultithreadedTaskDispatcher with 16 workers.
 -> (artifact id: 'be045e2c1e6ab505ac40a2b146c425d7') in 0.014307 seconds
Number of updated asset objects reloaded before import = 0
Number of asset objects unloaded after import = 3
========================================================================
Received Import Request.
  Time since last request: 0.000019 seconds.
  path: Assets/Art/UI/PANQIUNHO_1 1.png
  artifactKey: Guid(0b95311b4d0ff294a8048c1403902025) Importer(815301076,1909f56bfc062723c751e8b465ee728b)
Start importing Assets/Art/UI/PANQIUNHO_1 1.png using Guid(0b95311b4d0ff294a8048c1403902025) Importer(815301076,1909f56bfc062723c751e8b465ee728b) [PhysX] Initialized MultithreadedTaskDispatcher with 16 workers.
[PhysX] Initialized MultithreadedTaskDispatcher with 16 workers.
 -> (artifact id: '8dd2f1575c090851950412f066cb1cac') in 0.018435 seconds
Number of updated asset objects reloaded before import = 0
Number of asset objects unloaded after import = 3
========================================================================
Received Import Request.
  Time since last request: 0.365987 seconds.
  path: Assets/Art/VFXs/Collect_VFX.prefab
  artifactKey: Guid(d266f41ec02e4354bb41fc8062a2df83) Importer(815301076,1909f56bfc062723c751e8b465ee728b)
Start importing Assets/Art/VFXs/Collect_VFX.prefab using Guid(d266f41ec02e4354bb41fc8062a2df83) Importer(815301076,1909f56bfc062723c751e8b465ee728b) [PhysX] Initialized MultithreadedTaskDispatcher with 16 workers.
[PhysX] Initialized MultithreadedTaskDispatcher with 16 workers.
 -> (artifact id: '6f405ac0331b760b38ad05706dd5d046') in 0.011446 seconds
Number of updated asset objects reloaded before import = 0
Number of asset objects unloaded after import = 24
========================================================================
Received Import Request.
  Time since last request: 1.426663 seconds.
  path: Assets/font/Prompt-Black.ttf
  artifactKey: Guid(0efe5f0d2420d7f4eb78db24ada75641) Importer(815301076,1909f56bfc062723c751e8b465ee728b)
Start importing Assets/font/Prompt-Black.ttf using Guid(0efe5f0d2420d7f4eb78db24ada75641) Importer(815301076,1909f56bfc062723c751e8b465ee728b) [PhysX] Initialized MultithreadedTaskDispatcher with 16 workers.
[PhysX] Initialized MultithreadedTaskDispatcher with 16 workers.
[PhysX] Initialized MultithreadedTaskDispatcher with 16 workers.
 -> (artifact id: '8ed52be143b1474de07969f6f4587ce0') in 0.027961 seconds
Number of updated asset objects reloaded before import = 0
Number of asset objects unloaded after import = 5
========================================================================
Received Import Request.
  Time since last request: 0.000024 seconds.
  path: Assets/font/Prompt-ExtraBoldItalic.ttf
  artifactKey: Guid(95372f17547f14b4f85ce6c08de36c4d) Importer(815301076,1909f56bfc062723c751e8b465ee728b)
Start importing Assets/font/Prompt-ExtraBoldItalic.ttf using Guid(95372f17547f14b4f85ce6c08de36c4d) Importer(815301076,1909f56bfc062723c751e8b465ee728b) [PhysX] Initialized MultithreadedTaskDispatcher with 16 workers.
[PhysX] Initialized MultithreadedTaskDispatcher with 16 workers.
[PhysX] Initialized MultithreadedTaskDispatcher with 16 workers.
 -> (artifact id: '02f3072a54bfab31a5a667eb04f4055f') in 0.014197 seconds
Number of updated asset objects reloaded before import = 0
Number of asset objects unloaded after import = 5
========================================================================
Received Import Request.
  Time since last request: 0.421475 seconds.
  path: Assets/Art/UI/Group 49.png
  artifactKey: Guid(16e5b27afd2cb764680d760b76067473) Importer(815301076,1909f56bfc062723c751e8b465ee728b)
Start importing Assets/Art/UI/Group 49.png using Guid(16e5b27afd2cb764680d760b76067473) Importer(815301076,1909f56bfc062723c751e8b465ee728b) [PhysX] Initialized MultithreadedTaskDispatcher with 16 workers.
[PhysX] Initialized MultithreadedTaskDispatcher with 16 workers.
 -> (artifact id: 'e4104802605620599d311a411dd5f38e') in 0.010042 seconds
Number of updated asset objects reloaded before import = 0
Number of asset objects unloaded after import = 3
========================================================================
Received Import Request.
  Time since last request: 0.684491 seconds.
  path: Assets/Art/UI/gameplay/Group 49.png
  artifactKey: Guid(c2bf75bffecde7743bc3c3536f8f9f64) Importer(815301076,1909f56bfc062723c751e8b465ee728b)
Start importing Assets/Art/UI/gameplay/Group 49.png using Guid(c2bf75bffecde7743bc3c3536f8f9f64) Importer(815301076,1909f56bfc062723c751e8b465ee728b) [PhysX] Initialized MultithreadedTaskDispatcher with 16 workers.
[PhysX] Initialized MultithreadedTaskDispatcher with 16 workers.
 -> (artifact id: '64370284ad61dd73533e317e27f98801') in 0.009109 seconds
Number of updated asset objects reloaded before import = 0
Number of asset objects unloaded after import = 3
========================================================================
Received Import Request.
  Time since last request: 0.000020 seconds.
  path: Assets/Art/UI/gameplay/Sua pontuação foi.png
  artifactKey: Guid(da59566caf9fa7c409735763528c211c) Importer(815301076,1909f56bfc062723c751e8b465ee728b)
Start importing Assets/Art/UI/gameplay/Sua pontuação foi.png using Guid(da59566caf9fa7c409735763528c211c) Importer(815301076,1909f56bfc062723c751e8b465ee728b) [PhysX] Initialized MultithreadedTaskDispatcher with 16 workers.
[PhysX] Initialized MultithreadedTaskDispatcher with 16 workers.
 -> (artifact id: '5766f418f8165ebc3bf0384bdec10c79') in 0.007785 seconds
Number of updated asset objects reloaded before import = 0
Number of asset objects unloaded after import = 3
